2026-07-02T00:05:11.085+08:00  WARN 2336 --- [service-oms] [Thread-19] c.a.n.common.http.HttpClientBeanHolder   : [HttpClientBeanHolder] Start destroying common HttpClient
2026-07-02T00:05:11.085+08:00  WARN 2336 --- [service-oms] [Thread-2] c.a.n.common.executor.ThreadPoolManager  : [ThreadPoolManager] Start destroying ThreadPool
2026-07-02T00:05:11.085+08:00  WARN 2336 --- [service-oms] [Thread-17] c.a.nacos.common.notify.NotifyCenter     : [NotifyCenter] Start destroying Publisher
2026-07-02T00:05:11.165+08:00  WARN 2336 --- [service-oms] [Thread-2] c.a.n.common.executor.ThreadPoolManager  : [ThreadPoolManager] Destruction of the end
2026-07-02T00:05:11.167+08:00  WARN 2336 --- [service-oms] [Thread-17] c.a.nacos.common.notify.NotifyCenter     : [NotifyCenter] Destruction of the end
2026-07-02T00:05:11.171+08:00  WARN 2336 --- [service-oms] [Thread-19] c.a.n.common.http.HttpClientBeanHolder   : [HttpClientBeanHolder] Destruction of the end
2026-07-02T00:05:11.523+08:00  INFO 2336 --- [service-oms] [SpringApplicationShutdownHook] c.a.c.n.registry.NacosServiceRegistry    : De-registering from Nacos Server now...
2026-07-02T00:05:11.610+08:00  INFO 2336 --- [service-oms] [SpringApplicationShutdownHook] c.a.c.n.registry.NacosServiceRegistry    : De-registration finished.
2026-07-02T00:05:11.657+08:00  INFO 2336 --- [service-oms] [SpringApplicationShutdownHook] com.zaxxer.hikari.HikariDataSource       : HikariPool-1 - Shutdown initiated...
2026-07-02T00:05:11.691+08:00  INFO 2336 --- [service-oms] [SpringApplicationShutdownHook] com.zaxxer.hikari.HikariDataSource       : HikariPool-1 - Shutdown completed.
2026-07-02T10:07:15.504+08:00  INFO 17588 --- [service-oms] [main] c.a.nacos.client.logging.NacosLogging    : Nacos Logging Adapter Builder: com.alibaba.nacos.logger.adapter.logback12.LogbackNacosLoggingAdapterBuilder
2026-07-02T10:07:15.513+08:00  INFO 17588 --- [service-oms] [main] c.a.nacos.client.logging.NacosLogging    : Nacos Logging Adapter Builder: com.alibaba.nacos.logger.adapter.logback14.LogbackNacosLoggingAdapterBuilder
2026-07-02T10:07:15.515+08:00  INFO 17588 --- [service-oms] [main] c.a.nacos.client.logging.NacosLogging    : Nacos Logging Adapter: com.alibaba.nacos.logger.adapter.logback14.LogbackNacosLoggingAdapter match ch.qos.logback.classic.Logger success.
2026-07-02T10:07:15.523+08:00  INFO 17588 --- [service-oms] [main] c.a.nacos.client.logging.NacosLogging    : Nacos Logging Adapter Builder: com.alibaba.nacos.logger.adapter.log4j2.Log4j2NacosLoggingAdapterBuilder
2026-07-02T10:07:15.846+08:00  INFO 17588 --- [service-oms] [main] org.geek.tms.OMSApplication9111          : Starting OMSApplication9111 using Java 21.0.9 with PID 17588 (D:\java\microservices\tms-parent\tms-service\service-9111-oms\target\classes started by 86134 in D:\java\microservices\tms-parent)
2026-07-02T10:07:15.848+08:00  INFO 17588 --- [service-oms] [main] org.geek.tms.OMSApplication9111          : The following 1 profile is active: "dev"
2026-07-02T10:07:17.400+08:00  INFO 17588 --- [service-oms] [main] .s.d.r.c.RepositoryConfigurationDelegate : Multiple Spring Data modules found, entering strict repository configuration mode
2026-07-02T10:07:17.406+08:00  INFO 17588 --- [service-oms] [main] .s.d.r.c.RepositoryConfigurationDelegate : Bootstrapping Spring Data Redis repositories in DEFAULT mode.
2026-07-02T10:07:17.448+08:00  INFO 17588 --- [service-oms] [main] .s.d.r.c.RepositoryConfigurationDelegate : Finished Spring Data repository scanning in 19 ms. Found 0 Redis repository interfaces.
2026-07-02T10:07:17.667+08:00  INFO 17588 --- [service-oms] [main] o.s.cloud.context.scope.GenericScope     : BeanFactory id=111ae422-a866-3f9e-8b57-c77ead3ba77a
2026-07-02T10:07:19.331+08:00  INFO 17588 --- [service-oms] [main] o.s.b.w.embedded.tomcat.TomcatWebServer  : Tomcat initialized with port 9111 (http)
2026-07-02T10:07:19.361+08:00  INFO 17588 --- [service-oms] [main] o.apache.catalina.core.StandardService   : Starting service [Tomcat]
2026-07-02T10:07:19.361+08:00  INFO 17588 --- [service-oms] [main] o.apache.catalina.core.StandardEngine    : Starting Servlet engine: [Apache Tomcat/10.1.39]
2026-07-02T10:07:19.473+08:00  INFO 17588 --- [service-oms] [main] o.a.c.c.C.[Tomcat].[localhost].[/]       : Initializing Spring embedded WebApplicationContext
2026-07-02T10:07:19.473+08:00  INFO 17588 --- [service-oms] [main] w.s.c.ServletWebServerApplicationContext : Root WebApplicationContext: initialization completed in 3547 ms
2026-07-02T10:07:20.866+08:00  INFO 17588 --- [service-oms] [main] o.s.v.b.OptionalValidatorFactoryBean     : Failed to set up a Bean Validation provider: jakarta.validation.NoProviderFoundException: Unable to create a Configuration, because no Jakarta Bean Validation provider could be found. Add a provider like Hibernate Validator (RI) to your classpath.
2026-07-02T10:07:22.354+08:00  INFO 17588 --- [service-oms] [main] o.s.cloud.commons.util.InetUtils         : Cannot determine local hostname
2026-07-02T10:07:22.412+08:00  INFO 17588 --- [service-oms] [main] m.e.s.MybatisPlusApplicationContextAware : Register ApplicationContext instances org.springframework.boot.web.servlet.context.AnnotationConfigServletWebServerApplicationContext@757194dc
2026-07-02T10:07:25.190+08:00  INFO 17588 --- [service-oms] [main] o.s.cloud.commons.util.InetUtils         : Cannot determine local hostname
2026-07-02T10:07:25.279+08:00  WARN 17588 --- [service-oms] [main] iguration$LoadBalancerCaffeineWarnLogger : Spring Cloud LoadBalancer is currently working with the default cache. While this cache implementation is useful for development and tests, it's recommended to use Caffeine cache in production.You can switch to using Caffeine cache, by adding it and org.springframework.cache.caffeine.CaffeineCacheManager to the classpath.
2026-07-02T10:07:25.329+08:00  INFO 17588 --- [service-oms] [main] o.s.b.a.e.web.EndpointLinksResolver      : Exposing 19 endpoints beneath base path '/actuator'
2026-07-02T10:07:25.496+08:00  INFO 17588 --- [service-oms] [main] o.s.b.w.embedded.tomcat.TomcatWebServer  : Tomcat started on port 9111 (http) with context path '/'
2026-07-02T10:07:25.586+08:00  INFO 17588 --- [service-oms] [main] c.a.n.p.a.s.c.ClientAuthPluginManager    : [ClientAuthPluginManager] Load ClientAuthService com.alibaba.nacos.client.auth.impl.NacosClientAuthServiceImpl success.
2026-07-02T10:07:25.586+08:00  INFO 17588 --- [service-oms] [main] c.a.n.p.a.s.c.ClientAuthPluginManager    : [ClientAuthPluginManager] Load ClientAuthService com.alibaba.nacos.client.auth.ram.RamClientAuthServiceImpl success.
2026-07-02T10:07:38.192+08:00  INFO 17588 --- [service-oms] [http-nio-9111-exec-2] o.a.c.c.C.[Tomcat].[localhost].[/]       : Initializing Spring DispatcherServlet 'dispatcherServlet'
2026-07-02T10:07:38.192+08:00  INFO 17588 --- [service-oms] [http-nio-9111-exec-2] o.s.web.servlet.DispatcherServlet        : Initializing Servlet 'dispatcherServlet'
2026-07-02T10:07:38.194+08:00  INFO 17588 --- [service-oms] [http-nio-9111-exec-2] o.s.web.servlet.DispatcherServlet        : Completed initialization in 2 ms
2026-07-02T10:07:38.528+08:00  INFO 17588 --- [service-oms] [http-nio-9111-exec-2] com.zaxxer.hikari.HikariDataSource       : HikariPool-1 - Starting...
2026-07-02T10:07:38.850+08:00 ERROR 17588 --- [service-oms] [main] c.a.c.n.registry.NacosServiceRegistry    : nacos registry, service-oms register failed...NacosRegistration{nacosDiscoveryProperties=NacosDiscoveryProperties{serverAddr='null', username='******', password='******', endpoint='null', namespace='null', watchDelay=30000, logName='null', service='null', weight=1.0, clusterName='null', group='DEFAULT_GROUP', namingLoadCacheAtStart='false', metadata={}, registerEnabled=true, ip='null', networkInterface='', port=-1, secure=false, accessKey='null', secretKey='null', heartBeatInterval=null, heartBeatTimeout=null, ipDeleteTimeout=null, instanceEnabled=true, ephemeral=true, failureToleranceEnabled=false}, ipDeleteTimeout=null, failFast=true}},

com.alibaba.nacos.api.exception.NacosException: Client not connected, current status:STARTING
	at com.alibaba.nacos.common.remote.client.RpcClient.request(RpcClient.java:645) ~[nacos-client-2.4.2.jar:na]
	at com.alibaba.nacos.common.remote.client.RpcClient.request(RpcClient.java:624) ~[nacos-client-2.4.2.jar:na]
	at com.alibaba.nacos.client.naming.remote.gprc.NamingGrpcClientProxy.requestToServer(NamingGrpcClientProxy.java:447) ~[nacos-client-2.4.2.jar:na]
	at com.alibaba.nacos.client.naming.remote.gprc.NamingGrpcClientProxy.doRegisterService(NamingGrpcClientProxy.java:250) ~[nacos-client-2.4.2.jar:na]
	at com.alibaba.nacos.client.naming.remote.gprc.NamingGrpcClientProxy.registerServiceForEphemeral(NamingGrpcClientProxy.java:145) ~[nacos-client-2.4.2.jar:na]
	at com.alibaba.nacos.client.naming.remote.gprc.NamingGrpcClientProxy.registerService(NamingGrpcClientProxy.java:136) ~[nacos-client-2.4.2.jar:na]
	at com.alibaba.nacos.client.naming.remote.NamingClientProxyDelegate.registerService(NamingClientProxyDelegate.java:95) ~[nacos-client-2.4.2.jar:na]
	at com.alibaba.nacos.client.naming.NacosNamingService.registerInstance(NacosNamingService.java:158) ~[nacos-client-2.4.2.jar:na]
	at com.alibaba.cloud.nacos.registry.NacosServiceRegistry.register(NacosServiceRegistry.java:75) ~[spring-cloud-starter-alibaba-nacos-discovery-2023.0.3.2.jar:2023.0.3.2]
	at org.springframework.cloud.client.serviceregistry.AbstractAutoServiceRegistration.register(AbstractAutoServiceRegistration.java:264) ~[spring-cloud-commons-4.1.5.jar:4.1.5]
	at com.alibaba.cloud.nacos.registry.NacosAutoServiceRegistration.register(NacosAutoServiceRegistration.java:78) ~[spring-cloud-starter-alibaba-nacos-discovery-2023.0.3.2.jar:2023.0.3.2]
	at org.springframework.cloud.client.serviceregistry.AbstractAutoServiceRegistration.start(AbstractAutoServiceRegistration.java:156) ~[spring-cloud-commons-4.1.5.jar:4.1.5]
	at org.springframework.cloud.client.serviceregistry.AbstractAutoServiceRegistration.onApplicationEvent(AbstractAutoServiceRegistration.java:119) ~[spring-cloud-commons-4.1.5.jar:4.1.5]
	at org.springframework.cloud.client.serviceregistry.AbstractAutoServiceRegistration.onApplicationEvent(AbstractAutoServiceRegistration.java:49) ~[spring-cloud-commons-4.1.5.jar:4.1.5]
	at org.springframework.context.event.SimpleApplicationEventMulticaster.doInvokeListener(SimpleApplicationEventMulticaster.java:185) ~[spring-context-6.1.18.jar:6.1.18]
	at org.springframework.context.event.SimpleApplicationEventMulticaster.invokeListener(SimpleApplicationEventMulticaster.java:178) ~[spring-context-6.1.18.jar:6.1.18]
	at org.springframework.context.event.SimpleApplicationEventMulticaster.multicastEvent(SimpleApplicationEventMulticaster.java:156) ~[spring-context-6.1.18.jar:6.1.18]
	at org.springframework.context.support.AbstractApplicationContext.publishEvent(AbstractApplicationContext.java:452) ~[spring-context-6.1.18.jar:6.1.18]
	at org.springframework.context.support.AbstractApplicationContext.publishEvent(AbstractApplicationContext.java:385) ~[spring-context-6.1.18.jar:6.1.18]
	at org.springframework.boot.web.servlet.context.WebServerStartStopLifecycle.start(WebServerStartStopLifecycle.java:47) ~[spring-boot-3.3.10.jar:3.3.10]
	at org.springframework.context.support.DefaultLifecycleProcessor.doStart(DefaultLifecycleProcessor.java:285) ~[spring-context-6.1.18.jar:6.1.18]
	at org.springframework.context.support.DefaultLifecycleProcessor$LifecycleGroup.start(DefaultLifecycleProcessor.java:472) ~[spring-context-6.1.18.jar:6.1.18]
	at java.base/java.lang.Iterable.forEach(Iterable.java:75) ~[na:na]
	at org.springframework.context.support.DefaultLifecycleProcessor.startBeans(DefaultLifecycleProcessor.java:257) ~[spring-context-6.1.18.jar:6.1.18]
	at org.springframework.context.support.DefaultLifecycleProcessor.onRefresh(DefaultLifecycleProcessor.java:202) ~[spring-context-6.1.18.jar:6.1.18]
	at org.springframework.context.support.AbstractApplicationContext.finishRefresh(AbstractApplicationContext.java:990) ~[spring-context-6.1.18.jar:6.1.18]
	at org.springframework.context.support.AbstractApplicationContext.refresh(AbstractApplicationContext.java:628) ~[spring-context-6.1.18.jar:6.1.18]
	at org.springframework.boot.web.servlet.context.ServletWebServerApplicationContext.refresh(ServletWebServerApplicationContext.java:146) ~[spring-boot-3.3.10.jar:3.3.10]
	at org.springframework.boot.SpringApplication.refresh(SpringApplication.java:754) ~[spring-boot-3.3.10.jar:3.3.10]
	at org.springframework.boot.SpringApplication.refreshContext(SpringApplication.java:456) ~[spring-boot-3.3.10.jar:3.3.10]
	at org.springframework.boot.SpringApplication.run(SpringApplication.java:335) ~[spring-boot-3.3.10.jar:3.3.10]
	at org.springframework.boot.SpringApplication.run(SpringApplication.java:1363) ~[spring-boot-3.3.10.jar:3.3.10]
	at org.springframework.boot.SpringApplication.run(SpringApplication.java:1352) ~[spring-boot-3.3.10.jar:3.3.10]
	at org.geek.tms.OMSApplication9111.main(OMSApplication9111.java:19) ~[classes/:na]

2026-07-02T10:07:38.895+08:00  INFO 17588 --- [service-oms] [http-nio-9111-exec-2] com.zaxxer.hikari.pool.HikariPool        : HikariPool-1 - Added connection com.mysql.cj.jdbc.ConnectionImpl@6be5025
2026-07-02T10:07:38.902+08:00  INFO 17588 --- [service-oms] [http-nio-9111-exec-2] com.zaxxer.hikari.HikariDataSource       : HikariPool-1 - Start completed.
2026-07-02T10:07:39.166+08:00  WARN 17588 --- [service-oms] [http-nio-9111-exec-2] .w.s.m.s.DefaultHandlerExceptionResolver : Resolved [org.springframework.web.context.request.async.AsyncRequestNotUsableException: ServletOutputStream failed to flush: java.nio.channels.ClosedChannelException]
2026-07-02T10:07:39.194+08:00  WARN 17588 --- [service-oms] [main] ConfigServletWebServerApplicationContext : Exception encountered during context initialization - cancelling refresh attempt: org.springframework.context.ApplicationContextException: Failed to start bean 'webServerStartStop'
2026-07-02T10:07:39.221+08:00  INFO 17588 --- [service-oms] [main] com.zaxxer.hikari.HikariDataSource       : HikariPool-1 - Shutdown initiated...
2026-07-02T10:07:39.243+08:00  INFO 17588 --- [service-oms] [main] com.zaxxer.hikari.HikariDataSource       : HikariPool-1 - Shutdown completed.
2026-07-02T10:07:39.275+08:00  INFO 17588 --- [service-oms] [main] .s.b.a.l.ConditionEvaluationReportLogger : 

Error starting ApplicationContext. To display the condition evaluation report re-run your application with 'debug' enabled.
2026-07-02T10:07:39.320+08:00 ERROR 17588 --- [service-oms] [main] o.s.boot.SpringApplication               : Application run failed

org.springframework.context.ApplicationContextException: Failed to start bean 'webServerStartStop'
	at org.springframework.context.support.DefaultLifecycleProcessor.doStart(DefaultLifecycleProcessor.java:288) ~[spring-context-6.1.18.jar:6.1.18]
	at org.springframework.context.support.DefaultLifecycleProcessor$LifecycleGroup.start(DefaultLifecycleProcessor.java:472) ~[spring-context-6.1.18.jar:6.1.18]
	at java.base/java.lang.Iterable.forEach(Iterable.java:75) ~[na:na]
	at org.springframework.context.support.DefaultLifecycleProcessor.startBeans(DefaultLifecycleProcessor.java:257) ~[spring-context-6.1.18.jar:6.1.18]
	at org.springframework.context.support.DefaultLifecycleProcessor.onRefresh(DefaultLifecycleProcessor.java:202) ~[spring-context-6.1.18.jar:6.1.18]
	at org.springframework.context.support.AbstractApplicationContext.finishRefresh(AbstractApplicationContext.java:990) ~[spring-context-6.1.18.jar:6.1.18]
	at org.springframework.context.support.AbstractApplicationContext.refresh(AbstractApplicationContext.java:628) ~[spring-context-6.1.18.jar:6.1.18]
	at org.springframework.boot.web.servlet.context.ServletWebServerApplicationContext.refresh(ServletWebServerApplicationContext.java:146) ~[spring-boot-3.3.10.jar:3.3.10]
	at org.springframework.boot.SpringApplication.refresh(SpringApplication.java:754) ~[spring-boot-3.3.10.jar:3.3.10]
	at org.springframework.boot.SpringApplication.refreshContext(SpringApplication.java:456) ~[spring-boot-3.3.10.jar:3.3.10]
	at org.springframework.boot.SpringApplication.run(SpringApplication.java:335) ~[spring-boot-3.3.10.jar:3.3.10]
	at org.springframework.boot.SpringApplication.run(SpringApplication.java:1363) ~[spring-boot-3.3.10.jar:3.3.10]
	at org.springframework.boot.SpringApplication.run(SpringApplication.java:1352) ~[spring-boot-3.3.10.jar:3.3.10]
	at org.geek.tms.OMSApplication9111.main(OMSApplication9111.java:19) ~[classes/:na]
Caused by: java.lang.reflect.UndeclaredThrowableException: null
	at org.springframework.util.ReflectionUtils.rethrowRuntimeException(ReflectionUtils.java:147) ~[spring-core-6.1.18.jar:6.1.18]
	at com.alibaba.cloud.nacos.registry.NacosServiceRegistry.register(NacosServiceRegistry.java:83) ~[spring-cloud-starter-alibaba-nacos-discovery-2023.0.3.2.jar:2023.0.3.2]
	at org.springframework.cloud.client.serviceregistry.AbstractAutoServiceRegistration.register(AbstractAutoServiceRegistration.java:264) ~[spring-cloud-commons-4.1.5.jar:4.1.5]
	at com.alibaba.cloud.nacos.registry.NacosAutoServiceRegistration.register(NacosAutoServiceRegistration.java:78) ~[spring-cloud-starter-alibaba-nacos-discovery-2023.0.3.2.jar:2023.0.3.2]
	at org.springframework.cloud.client.serviceregistry.AbstractAutoServiceRegistration.start(AbstractAutoServiceRegistration.java:156) ~[spring-cloud-commons-4.1.5.jar:4.1.5]
	at org.springframework.cloud.client.serviceregistry.AbstractAutoServiceRegistration.onApplicationEvent(AbstractAutoServiceRegistration.java:119) ~[spring-cloud-commons-4.1.5.jar:4.1.5]
	at org.springframework.cloud.client.serviceregistry.AbstractAutoServiceRegistration.onApplicationEvent(AbstractAutoServiceRegistration.java:49) ~[spring-cloud-commons-4.1.5.jar:4.1.5]
	at org.springframework.context.event.SimpleApplicationEventMulticaster.doInvokeListener(SimpleApplicationEventMulticaster.java:185) ~[spring-context-6.1.18.jar:6.1.18]
	at org.springframework.context.event.SimpleApplicationEventMulticaster.invokeListener(SimpleApplicationEventMulticaster.java:178) ~[spring-context-6.1.18.jar:6.1.18]
	at org.springframework.context.event.SimpleApplicationEventMulticaster.multicastEvent(SimpleApplicationEventMulticaster.java:156) ~[spring-context-6.1.18.jar:6.1.18]
	at org.springframework.context.support.AbstractApplicationContext.publishEvent(AbstractApplicationContext.java:452) ~[spring-context-6.1.18.jar:6.1.18]
	at org.springframework.context.support.AbstractApplicationContext.publishEvent(AbstractApplicationContext.java:385) ~[spring-context-6.1.18.jar:6.1.18]
	at org.springframework.boot.web.servlet.context.WebServerStartStopLifecycle.start(WebServerStartStopLifecycle.java:47) ~[spring-boot-3.3.10.jar:3.3.10]
	at org.springframework.context.support.DefaultLifecycleProcessor.doStart(DefaultLifecycleProcessor.java:285) ~[spring-context-6.1.18.jar:6.1.18]
	... 13 common frames omitted
Caused by: com.alibaba.nacos.api.exception.NacosException: Client not connected, current status:STARTING
	at com.alibaba.nacos.common.remote.client.RpcClient.request(RpcClient.java:645) ~[nacos-client-2.4.2.jar:na]
	at com.alibaba.nacos.common.remote.client.RpcClient.request(RpcClient.java:624) ~[nacos-client-2.4.2.jar:na]
	at com.alibaba.nacos.client.naming.remote.gprc.NamingGrpcClientProxy.requestToServer(NamingGrpcClientProxy.java:447) ~[nacos-client-2.4.2.jar:na]
	at com.alibaba.nacos.client.naming.remote.gprc.NamingGrpcClientProxy.doRegisterService(NamingGrpcClientProxy.java:250) ~[nacos-client-2.4.2.jar:na]
	at com.alibaba.nacos.client.naming.remote.gprc.NamingGrpcClientProxy.registerServiceForEphemeral(NamingGrpcClientProxy.java:145) ~[nacos-client-2.4.2.jar:na]
	at com.alibaba.nacos.client.naming.remote.gprc.NamingGrpcClientProxy.registerService(NamingGrpcClientProxy.java:136) ~[nacos-client-2.4.2.jar:na]
	at com.alibaba.nacos.client.naming.remote.NamingClientProxyDelegate.registerService(NamingClientProxyDelegate.java:95) ~[nacos-client-2.4.2.jar:na]
	at com.alibaba.nacos.client.naming.NacosNamingService.registerInstance(NacosNamingService.java:158) ~[nacos-client-2.4.2.jar:na]
	at com.alibaba.cloud.nacos.registry.NacosServiceRegistry.register(NacosServiceRegistry.java:75) ~[spring-cloud-starter-alibaba-nacos-discovery-2023.0.3.2.jar:2023.0.3.2]
	... 25 common frames omitted

2026-07-02T10:07:40.214+08:00  WARN 17588 --- [service-oms] [Thread-19] c.a.n.common.http.HttpClientBeanHolder   : [HttpClientBeanHolder] Start destroying common HttpClient
2026-07-02T10:07:40.215+08:00  WARN 17588 --- [service-oms] [Thread-17] c.a.nacos.common.notify.NotifyCenter     : [NotifyCenter] Start destroying Publisher
2026-07-02T10:07:40.215+08:00  WARN 17588 --- [service-oms] [Thread-2] c.a.n.common.executor.ThreadPoolManager  : [ThreadPoolManager] Start destroying ThreadPool
2026-07-02T10:07:40.215+08:00  WARN 17588 --- [service-oms] [Thread-17] c.a.nacos.common.notify.NotifyCenter     : [NotifyCenter] Destruction of the end
2026-07-02T10:07:40.216+08:00  WARN 17588 --- [service-oms] [Thread-2] c.a.n.common.executor.ThreadPoolManager  : [ThreadPoolManager] Destruction of the end
2026-07-02T10:31:26.202+08:00  INFO 43084 --- [service-oms] [main] c.a.nacos.client.logging.NacosLogging    : Nacos Logging Adapter Builder: com.alibaba.nacos.logger.adapter.logback12.LogbackNacosLoggingAdapterBuilder
2026-07-02T10:31:26.222+08:00  INFO 43084 --- [service-oms] [main] c.a.nacos.client.logging.NacosLogging    : Nacos Logging Adapter Builder: com.alibaba.nacos.logger.adapter.logback14.LogbackNacosLoggingAdapterBuilder
2026-07-02T10:31:26.225+08:00  INFO 43084 --- [service-oms] [main] c.a.nacos.client.logging.NacosLogging    : Nacos Logging Adapter: com.alibaba.nacos.logger.adapter.logback14.LogbackNacosLoggingAdapter match ch.qos.logback.classic.Logger success.
2026-07-02T10:31:26.241+08:00  INFO 43084 --- [service-oms] [main] c.a.nacos.client.logging.NacosLogging    : Nacos Logging Adapter Builder: com.alibaba.nacos.logger.adapter.log4j2.Log4j2NacosLoggingAdapterBuilder
2026-07-02T10:31:26.864+08:00  INFO 43084 --- [service-oms] [main] org.geek.tms.OMSApplication9111          : Starting OMSApplication9111 using Java 21.0.9 with PID 43084 (D:\java\microservices\tms-parent\tms-service\service-9111-oms\target\classes started by 86134 in D:\java\microservices\tms-parent)
2026-07-02T10:31:26.866+08:00  INFO 43084 --- [service-oms] [main] org.geek.tms.OMSApplication9111          : The following 1 profile is active: "dev"
2026-07-02T10:31:29.308+08:00  INFO 43084 --- [service-oms] [main] .s.d.r.c.RepositoryConfigurationDelegate : Multiple Spring Data modules found, entering strict repository configuration mode
2026-07-02T10:31:29.313+08:00  INFO 43084 --- [service-oms] [main] .s.d.r.c.RepositoryConfigurationDelegate : Bootstrapping Spring Data Redis repositories in DEFAULT mode.
2026-07-02T10:31:29.357+08:00  INFO 43084 --- [service-oms] [main] .s.d.r.c.RepositoryConfigurationDelegate : Finished Spring Data repository scanning in 25 ms. Found 0 Redis repository interfaces.
2026-07-02T10:31:29.602+08:00  INFO 43084 --- [service-oms] [main] o.s.cloud.context.scope.GenericScope     : BeanFactory id=111ae422-a866-3f9e-8b57-c77ead3ba77a
2026-07-02T10:31:30.771+08:00  INFO 43084 --- [service-oms] [main] o.s.b.w.embedded.tomcat.TomcatWebServer  : Tomcat initialized with port 9111 (http)
2026-07-02T10:31:30.797+08:00  INFO 43084 --- [service-oms] [main] o.apache.catalina.core.StandardService   : Starting service [Tomcat]
2026-07-02T10:31:30.798+08:00  INFO 43084 --- [service-oms] [main] o.apache.catalina.core.StandardEngine    : Starting Servlet engine: [Apache Tomcat/10.1.39]
2026-07-02T10:31:30.926+08:00  INFO 43084 --- [service-oms] [main] o.a.c.c.C.[Tomcat].[localhost].[/]       : Initializing Spring embedded WebApplicationContext
2026-07-02T10:31:30.927+08:00  INFO 43084 --- [service-oms] [main] w.s.c.ServletWebServerApplicationContext : Root WebApplicationContext: initialization completed in 3908 ms
2026-07-02T10:31:32.408+08:00  INFO 43084 --- [service-oms] [main] o.s.v.b.OptionalValidatorFactoryBean     : Failed to set up a Bean Validation provider: jakarta.validation.NoProviderFoundException: Unable to create a Configuration, because no Jakarta Bean Validation provider could be found. Add a provider like Hibernate Validator (RI) to your classpath.
2026-07-02T10:31:33.878+08:00  INFO 43084 --- [service-oms] [main] o.s.cloud.commons.util.InetUtils         : Cannot determine local hostname
2026-07-02T10:31:33.942+08:00  INFO 43084 --- [service-oms] [main] m.e.s.MybatisPlusApplicationContextAware : Register ApplicationContext instances org.springframework.boot.web.servlet.context.AnnotationConfigServletWebServerApplicationContext@56102e1c
2026-07-02T10:31:36.191+08:00  INFO 43084 --- [service-oms] [main] o.s.cloud.commons.util.InetUtils         : Cannot determine local hostname
2026-07-02T10:31:36.240+08:00  WARN 43084 --- [service-oms] [main] iguration$LoadBalancerCaffeineWarnLogger : Spring Cloud LoadBalancer is currently working with the default cache. While this cache implementation is useful for development and tests, it's recommended to use Caffeine cache in production.You can switch to using Caffeine cache, by adding it and org.springframework.cache.caffeine.CaffeineCacheManager to the classpath.
2026-07-02T10:31:36.274+08:00  INFO 43084 --- [service-oms] [main] o.s.b.a.e.web.EndpointLinksResolver      : Exposing 19 endpoints beneath base path '/actuator'
2026-07-02T10:31:36.414+08:00  INFO 43084 --- [service-oms] [main] o.s.b.w.embedded.tomcat.TomcatWebServer  : Tomcat started on port 9111 (http) with context path '/'
2026-07-02T10:31:36.493+08:00  INFO 43084 --- [service-oms] [main] c.a.n.p.a.s.c.ClientAuthPluginManager    : [ClientAuthPluginManager] Load ClientAuthService com.alibaba.nacos.client.auth.impl.NacosClientAuthServiceImpl success.
2026-07-02T10:31:36.494+08:00  INFO 43084 --- [service-oms] [main] c.a.n.p.a.s.c.ClientAuthPluginManager    : [ClientAuthPluginManager] Load ClientAuthService com.alibaba.nacos.client.auth.ram.RamClientAuthServiceImpl success.
2026-07-02T10:31:37.594+08:00  INFO 43084 --- [service-oms] [main] c.a.n.c.a.AbstractAbilityControlManager  : Ready to get current node abilities...
2026-07-02T10:31:37.596+08:00  INFO 43084 --- [service-oms] [main] c.a.n.c.a.AbstractAbilityControlManager  : Ready to initialize current node abilities, support modes: [SDK_CLIENT]
2026-07-02T10:31:37.597+08:00  INFO 43084 --- [service-oms] [main] c.a.n.c.a.AbstractAbilityControlManager  : Initialize current abilities finish...
2026-07-02T10:31:37.598+08:00  INFO 43084 --- [service-oms] [main] c.a.n.c.a.d.NacosAbilityManagerHolder    : [AbilityControlManager] Successfully initialize AbilityControlManager
2026-07-02T10:31:37.952+08:00  INFO 43084 --- [service-oms] [main] c.a.c.n.registry.NacosServiceRegistry    : nacos registry, DEFAULT_GROUP service-oms 192.168.164.1:9111 register finished
2026-07-02T10:31:38.962+08:00  INFO 43084 --- [service-oms] [main] o.s.cloud.commons.util.InetUtils         : Cannot determine local hostname
2026-07-02T10:31:38.982+08:00  INFO 43084 --- [service-oms] [main] org.geek.tms.OMSApplication9111          : Started OMSApplication9111 in 14.661 seconds (process running for 16.734)
2026-07-02T10:31:39.514+08:00  INFO 43084 --- [service-oms] [RMI TCP Connection(3)-192.168.2.181] o.a.c.c.C.[Tomcat].[localhost].[/]       : Initializing Spring DispatcherServlet 'dispatcherServlet'
2026-07-02T10:31:39.514+08:00  INFO 43084 --- [service-oms] [RMI TCP Connection(3)-192.168.2.181] o.s.web.servlet.DispatcherServlet        : Initializing Servlet 'dispatcherServlet'
2026-07-02T10:31:39.518+08:00  INFO 43084 --- [service-oms] [RMI TCP Connection(3)-192.168.2.181] o.s.web.servlet.DispatcherServlet        : Completed initialization in 2 ms
2026-07-02T10:31:39.530+08:00  INFO 43084 --- [service-oms] [RMI TCP Connection(1)-192.168.2.181] com.zaxxer.hikari.HikariDataSource       : HikariPool-1 - Starting...
2026-07-02T10:31:39.862+08:00  INFO 43084 --- [service-oms] [RMI TCP Connection(1)-192.168.2.181] com.zaxxer.hikari.pool.HikariPool        : HikariPool-1 - Added connection com.mysql.cj.jdbc.ConnectionImpl@34e99cea
2026-07-02T10:31:39.867+08:00  INFO 43084 --- [service-oms] [RMI TCP Connection(1)-192.168.2.181] com.zaxxer.hikari.HikariDataSource       : HikariPool-1 - Start completed.
2026-07-02T11:00:27.842+08:00  WARN 43084 --- [service-oms] [http-nio-9111-exec-6] .w.s.m.s.DefaultHandlerExceptionResolver : Resolved [org.springframework.web.HttpRequestMethodNotSupportedException: Request method 'GET' is not supported]
2026-07-02T11:05:40.402+08:00  WARN 43084 --- [service-oms] [http-nio-9111-exec-10] .w.s.m.s.DefaultHandlerExceptionResolver : Resolved [org.springframework.web.HttpRequestMethodNotSupportedException: Request method 'GET' is not supported]
2026-07-02T14:03:58.171+08:00  WARN 43084 --- [service-oms] [HikariPool-1 housekeeper] com.zaxxer.hikari.pool.HikariPool        : HikariPool-1 - Thread starvation or clock leap detected (housekeeper delta=1h52m46s731ms312µs500ns).
2026-07-02T15:01:33.512+08:00  WARN 43084 --- [service-oms] [Thread-17] c.a.nacos.common.notify.NotifyCenter     : [NotifyCenter] Start destroying Publisher
2026-07-02T15:01:33.514+08:00  WARN 43084 --- [service-oms] [Thread-2] c.a.n.common.executor.ThreadPoolManager  : [ThreadPoolManager] Start destroying ThreadPool
2026-07-02T15:01:33.512+08:00  WARN 43084 --- [service-oms] [Thread-19] c.a.n.common.http.HttpClientBeanHolder   : [HttpClientBeanHolder] Start destroying common HttpClient
2026-07-02T15:01:33.526+08:00  WARN 43084 --- [service-oms] [Thread-17] c.a.nacos.common.notify.NotifyCenter     : [NotifyCenter] Destruction of the end
2026-07-02T15:01:33.531+08:00  WARN 43084 --- [service-oms] [Thread-2] c.a.n.common.executor.ThreadPoolManager  : [ThreadPoolManager] Destruction of the end
2026-07-02T15:01:33.556+08:00  WARN 43084 --- [service-oms] [Thread-19] c.a.n.common.http.HttpClientBeanHolder   : [HttpClientBeanHolder] Destruction of the end
2026-07-02T15:01:34.124+08:00  INFO 43084 --- [service-oms] [SpringApplicationShutdownHook] c.a.c.n.registry.NacosServiceRegistry    : De-registering from Nacos Server now...
2026-07-02T15:01:34.158+08:00  INFO 43084 --- [service-oms] [SpringApplicationShutdownHook] c.a.c.n.registry.NacosServiceRegistry    : De-registration finished.
2026-07-02T15:01:34.181+08:00  INFO 43084 --- [service-oms] [SpringApplicationShutdownHook] com.zaxxer.hikari.HikariDataSource       : HikariPool-1 - Shutdown initiated...
2026-07-02T15:01:34.197+08:00  INFO 43084 --- [service-oms] [SpringApplicationShutdownHook] com.zaxxer.hikari.HikariDataSource       : HikariPool-1 - Shutdown completed.
2026-07-02T15:01:44.842+08:00  INFO 28364 --- [service-oms] [main] c.a.nacos.client.logging.NacosLogging    : Nacos Logging Adapter Builder: com.alibaba.nacos.logger.adapter.logback12.LogbackNacosLoggingAdapterBuilder
2026-07-02T15:01:44.851+08:00  INFO 28364 --- [service-oms] [main] c.a.nacos.client.logging.NacosLogging    : Nacos Logging Adapter Builder: com.alibaba.nacos.logger.adapter.logback14.LogbackNacosLoggingAdapterBuilder
2026-07-02T15:01:44.852+08:00  INFO 28364 --- [service-oms] [main] c.a.nacos.client.logging.NacosLogging    : Nacos Logging Adapter: com.alibaba.nacos.logger.adapter.logback14.LogbackNacosLoggingAdapter match ch.qos.logback.classic.Logger success.
2026-07-02T15:01:44.861+08:00  INFO 28364 --- [service-oms] [main] c.a.nacos.client.logging.NacosLogging    : Nacos Logging Adapter Builder: com.alibaba.nacos.logger.adapter.log4j2.Log4j2NacosLoggingAdapterBuilder
2026-07-02T15:01:45.077+08:00  INFO 28364 --- [service-oms] [main] org.geek.tms.OMSApplication9111          : Starting OMSApplication9111 using Java 21.0.9 with PID 28364 (D:\java\microservices\tms-parent\tms-service\service-9111-oms\target\classes started by 86134 in D:\java\microservices\tms-parent)
2026-07-02T15:01:45.078+08:00  INFO 28364 --- [service-oms] [main] org.geek.tms.OMSApplication9111          : The following 1 profile is active: "dev"
2026-07-02T15:01:46.447+08:00  INFO 28364 --- [service-oms] [main] .s.d.r.c.RepositoryConfigurationDelegate : Multiple Spring Data modules found, entering strict repository configuration mode
2026-07-02T15:01:46.450+08:00  INFO 28364 --- [service-oms] [main] .s.d.r.c.RepositoryConfigurationDelegate : Bootstrapping Spring Data Redis repositories in DEFAULT mode.
2026-07-02T15:01:46.491+08:00  INFO 28364 --- [service-oms] [main] .s.d.r.c.RepositoryConfigurationDelegate : Finished Spring Data repository scanning in 26 ms. Found 0 Redis repository interfaces.
2026-07-02T15:01:46.782+08:00  INFO 28364 --- [service-oms] [main] o.s.cloud.context.scope.GenericScope     : BeanFactory id=b6bf0f70-3eaf-38de-a5c7-483b4ef28519
2026-07-02T15:01:47.650+08:00  INFO 28364 --- [service-oms] [main] o.s.b.w.embedded.tomcat.TomcatWebServer  : Tomcat initialized with port 9111 (http)
2026-07-02T15:01:47.672+08:00  INFO 28364 --- [service-oms] [main] o.apache.catalina.core.StandardService   : Starting service [Tomcat]
2026-07-02T15:01:47.672+08:00  INFO 28364 --- [service-oms] [main] o.apache.catalina.core.StandardEngine    : Starting Servlet engine: [Apache Tomcat/10.1.39]
2026-07-02T15:01:47.765+08:00  INFO 28364 --- [service-oms] [main] o.a.c.c.C.[Tomcat].[localhost].[/]       : Initializing Spring embedded WebApplicationContext
2026-07-02T15:01:47.766+08:00  INFO 28364 --- [service-oms] [main] w.s.c.ServletWebServerApplicationContext : Root WebApplicationContext: initialization completed in 2620 ms
2026-07-02T15:01:49.161+08:00  INFO 28364 --- [service-oms] [main] o.s.v.b.OptionalValidatorFactoryBean     : Failed to set up a Bean Validation provider: jakarta.validation.NoProviderFoundException: Unable to create a Configuration, because no Jakarta Bean Validation provider could be found. Add a provider like Hibernate Validator (RI) to your classpath.
2026-07-02T15:01:50.523+08:00  INFO 28364 --- [service-oms] [main] o.s.cloud.commons.util.InetUtils         : Cannot determine local hostname
2026-07-02T15:01:50.572+08:00  INFO 28364 --- [service-oms] [main] m.e.s.MybatisPlusApplicationContextAware : Register ApplicationContext instances org.springframework.boot.web.servlet.context.AnnotationConfigServletWebServerApplicationContext@60094a13
2026-07-02T15:01:52.249+08:00  INFO 28364 --- [service-oms] [main] o.s.cloud.commons.util.InetUtils         : Cannot determine local hostname
2026-07-02T15:01:52.299+08:00  WARN 28364 --- [service-oms] [main] iguration$LoadBalancerCaffeineWarnLogger : Spring Cloud LoadBalancer is currently working with the default cache. While this cache implementation is useful for development and tests, it's recommended to use Caffeine cache in production.You can switch to using Caffeine cache, by adding it and org.springframework.cache.caffeine.CaffeineCacheManager to the classpath.
2026-07-02T15:01:52.340+08:00  INFO 28364 --- [service-oms] [main] o.s.b.a.e.web.EndpointLinksResolver      : Exposing 19 endpoints beneath base path '/actuator'
2026-07-02T15:01:52.442+08:00  INFO 28364 --- [service-oms] [main] o.s.b.w.embedded.tomcat.TomcatWebServer  : Tomcat started on port 9111 (http) with context path '/'
2026-07-02T15:01:52.500+08:00  INFO 28364 --- [service-oms] [main] c.a.n.p.a.s.c.ClientAuthPluginManager    : [ClientAuthPluginManager] Load ClientAuthService com.alibaba.nacos.client.auth.impl.NacosClientAuthServiceImpl success.
2026-07-02T15:01:52.501+08:00  INFO 28364 --- [service-oms] [main] c.a.n.p.a.s.c.ClientAuthPluginManager    : [ClientAuthPluginManager] Load ClientAuthService com.alibaba.nacos.client.auth.ram.RamClientAuthServiceImpl success.
2026-07-02T15:01:53.269+08:00  INFO 28364 --- [service-oms] [main] c.a.n.c.a.AbstractAbilityControlManager  : Ready to get current node abilities...
2026-07-02T15:01:53.271+08:00  INFO 28364 --- [service-oms] [main] c.a.n.c.a.AbstractAbilityControlManager  : Ready to initialize current node abilities, support modes: [SDK_CLIENT]
2026-07-02T15:01:53.272+08:00  INFO 28364 --- [service-oms] [main] c.a.n.c.a.AbstractAbilityControlManager  : Initialize current abilities finish...
2026-07-02T15:01:53.272+08:00  INFO 28364 --- [service-oms] [main] c.a.n.c.a.d.NacosAbilityManagerHolder    : [AbilityControlManager] Successfully initialize AbilityControlManager
2026-07-02T15:01:53.330+08:00  INFO 28364 --- [service-oms] [main] c.a.c.n.registry.NacosServiceRegistry    : nacos registry, DEFAULT_GROUP service-oms 192.168.164.1:9111 register finished
2026-07-02T15:01:54.337+08:00  INFO 28364 --- [service-oms] [main] o.s.cloud.commons.util.InetUtils         : Cannot determine local hostname
2026-07-02T15:01:54.349+08:00  INFO 28364 --- [service-oms] [main] org.geek.tms.OMSApplication9111          : Started OMSApplication9111 in 11.085 seconds (process running for 12.214)
2026-07-02T15:01:54.610+08:00  INFO 28364 --- [service-oms] [RMI TCP Connection(4)-192.168.2.181] o.a.c.c.C.[Tomcat].[localhost].[/]       : Initializing Spring DispatcherServlet 'dispatcherServlet'
2026-07-02T15:01:54.612+08:00  INFO 28364 --- [service-oms] [RMI TCP Connection(4)-192.168.2.181] o.s.web.servlet.DispatcherServlet        : Initializing Servlet 'dispatcherServlet'
2026-07-02T15:01:54.617+08:00  INFO 28364 --- [service-oms] [RMI TCP Connection(4)-192.168.2.181] o.s.web.servlet.DispatcherServlet        : Completed initialization in 5 ms
2026-07-02T15:01:54.617+08:00  INFO 28364 --- [service-oms] [RMI TCP Connection(3)-192.168.2.181] com.zaxxer.hikari.HikariDataSource       : HikariPool-1 - Starting...
2026-07-02T15:01:54.950+08:00  INFO 28364 --- [service-oms] [RMI TCP Connection(3)-192.168.2.181] com.zaxxer.hikari.pool.HikariPool        : HikariPool-1 - Added connection com.mysql.cj.jdbc.ConnectionImpl@1425b1cb
2026-07-02T15:01:54.953+08:00  INFO 28364 --- [service-oms] [RMI TCP Connection(3)-192.168.2.181] com.zaxxer.hikari.HikariDataSource       : HikariPool-1 - Start completed.
2026-07-02T18:13:24.753+08:00  WARN 28364 --- [service-oms] [HikariPool-1 housekeeper] com.zaxxer.hikari.pool.HikariPool        : HikariPool-1 - Thread starvation or clock leap detected (housekeeper delta=29m27s282ms87µs300ns).
2026-07-02T18:19:52.625+08:00  WARN 28364 --- [service-oms] [Thread-2] c.a.n.common.executor.ThreadPoolManager  : [ThreadPoolManager] Start destroying ThreadPool
2026-07-02T18:19:52.624+08:00  WARN 28364 --- [service-oms] [Thread-19] c.a.n.common.http.HttpClientBeanHolder   : [HttpClientBeanHolder] Start destroying common HttpClient
2026-07-02T18:19:52.624+08:00  WARN 28364 --- [service-oms] [Thread-17] c.a.nacos.common.notify.NotifyCenter     : [NotifyCenter] Start destroying Publisher
2026-07-02T18:19:52.628+08:00  WARN 28364 --- [service-oms] [Thread-17] c.a.nacos.common.notify.NotifyCenter     : [NotifyCenter] Destruction of the end
2026-07-02T18:19:52.632+08:00  WARN 28364 --- [service-oms] [Thread-2] c.a.n.common.executor.ThreadPoolManager  : [ThreadPoolManager] Destruction of the end
2026-07-02T18:19:52.648+08:00  WARN 28364 --- [service-oms] [Thread-19] c.a.n.common.http.HttpClientBeanHolder   : [HttpClientBeanHolder] Destruction of the end
2026-07-02T18:19:53.049+08:00  INFO 28364 --- [service-oms] [SpringApplicationShutdownHook] c.a.c.n.registry.NacosServiceRegistry    : De-registering from Nacos Server now...
2026-07-02T18:19:53.700+08:00 ERROR 28364 --- [service-oms] [SpringApplicationShutdownHook] c.a.c.n.registry.NacosServiceRegistry    : ERR_NACOS_DEREGISTER, de-register failed...NacosRegistration{nacosDiscoveryProperties=NacosDiscoveryProperties{serverAddr='null', username='******', password='******', endpoint='null', namespace='null', watchDelay=30000, logName='null', service='null', weight=1.0, clusterName='null', group='DEFAULT_GROUP', namingLoadCacheAtStart='false', metadata={}, registerEnabled=true, ip='null', networkInterface='', port=-1, secure=false, accessKey='null', secretKey='null', heartBeatInterval=null, heartBeatTimeout=null, ipDeleteTimeout=null, instanceEnabled=true, ephemeral=true, failureToleranceEnabled=false}, ipDeleteTimeout=null, failFast=true}},

com.alibaba.nacos.api.exception.NacosException: Client not connected, current status:UNHEALTHY
	at com.alibaba.nacos.common.remote.client.RpcClient.request(RpcClient.java:645) ~[nacos-client-2.4.2.jar:na]
	at com.alibaba.nacos.common.remote.client.RpcClient.request(RpcClient.java:624) ~[nacos-client-2.4.2.jar:na]
	at com.alibaba.nacos.client.naming.remote.gprc.NamingGrpcClientProxy.requestToServer(NamingGrpcClientProxy.java:447) ~[nacos-client-2.4.2.jar:na]
	at com.alibaba.nacos.client.naming.remote.gprc.NamingGrpcClientProxy.doDeregisterService(NamingGrpcClientProxy.java:308) ~[nacos-client-2.4.2.jar:na]
	at com.alibaba.nacos.client.naming.remote.gprc.NamingGrpcClientProxy.deregisterServiceForEphemeral(NamingGrpcClientProxy.java:293) ~[nacos-client-2.4.2.jar:na]
	at com.alibaba.nacos.client.naming.remote.gprc.NamingGrpcClientProxy.deregisterService(NamingGrpcClientProxy.java:275) ~[nacos-client-2.4.2.jar:na]
	at com.alibaba.nacos.client.naming.remote.NamingClientProxyDelegate.deregisterService(NamingClientProxyDelegate.java:122) ~[nacos-client-2.4.2.jar:na]
	at com.alibaba.nacos.client.naming.NacosNamingService.deregisterInstance(NacosNamingService.java:211) ~[nacos-client-2.4.2.jar:na]
	at com.alibaba.nacos.client.naming.NacosNamingService.deregisterInstance(NacosNamingService.java:199) ~[nacos-client-2.4.2.jar:na]
	at com.alibaba.cloud.nacos.registry.NacosServiceRegistry.deregister(NacosServiceRegistry.java:107) ~[spring-cloud-starter-alibaba-nacos-discovery-2023.0.3.2.jar:2023.0.3.2]
	at org.springframework.cloud.client.serviceregistry.AbstractAutoServiceRegistration.deregister(AbstractAutoServiceRegistration.java:281) ~[spring-cloud-commons-4.1.5.jar:4.1.5]
	at org.springframework.cloud.client.serviceregistry.AbstractAutoServiceRegistration.stop(AbstractAutoServiceRegistration.java:299) ~[spring-cloud-commons-4.1.5.jar:4.1.5]
	at org.springframework.cloud.client.serviceregistry.AbstractAutoServiceRegistration.destroy(AbstractAutoServiceRegistration.java:233) ~[spring-cloud-commons-4.1.5.jar:4.1.5]
	at java.base/jdk.internal.reflect.DirectMethodHandleAccessor.invoke(DirectMethodHandleAccessor.java:103) ~[na:na]
	at java.base/java.lang.reflect.Method.invoke(Method.java:580) ~[na:na]
	at org.springframework.beans.factory.annotation.InitDestroyAnnotationBeanPostProcessor$LifecycleMethod.invoke(InitDestroyAnnotationBeanPostProcessor.java:457) ~[spring-beans-6.1.18.jar:6.1.18]
	at org.springframework.beans.factory.annotation.InitDestroyAnnotationBeanPostProcessor$LifecycleMetadata.invokeDestroyMethods(InitDestroyAnnotationBeanPostProcessor.java:415) ~[spring-beans-6.1.18.jar:6.1.18]
	at org.springframework.beans.factory.annotation.InitDestroyAnnotationBeanPostProcessor.postProcessBeforeDestruction(InitDestroyAnnotationBeanPostProcessor.java:239) ~[spring-beans-6.1.18.jar:6.1.18]
	at org.springframework.beans.factory.support.DisposableBeanAdapter.destroy(DisposableBeanAdapter.java:202) ~[spring-beans-6.1.18.jar:6.1.18]
	at org.springframework.beans.factory.support.DefaultSingletonBeanRegistry.destroyBean(DefaultSingletonBeanRegistry.java:587) ~[spring-beans-6.1.18.jar:6.1.18]
	at org.springframework.beans.factory.support.DefaultSingletonBeanRegistry.destroySingleton(DefaultSingletonBeanRegistry.java:559) ~[spring-beans-6.1.18.jar:6.1.18]
	at org.springframework.beans.factory.support.DefaultListableBeanFactory.destroySingleton(DefaultListableBeanFactory.java:1207) ~[spring-beans-6.1.18.jar:6.1.18]
	at org.springframework.beans.factory.support.DefaultSingletonBeanRegistry.destroySingletons(DefaultSingletonBeanRegistry.java:520) ~[spring-beans-6.1.18.jar:6.1.18]
	at org.springframework.beans.factory.support.DefaultListableBeanFactory.destroySingletons(DefaultListableBeanFactory.java:1200) ~[spring-beans-6.1.18.jar:6.1.18]
	at org.springframework.context.support.AbstractApplicationContext.destroyBeans(AbstractApplicationContext.java:1195) ~[spring-context-6.1.18.jar:6.1.18]
	at org.springframework.context.support.AbstractApplicationContext.doClose(AbstractApplicationContext.java:1156) ~[spring-context-6.1.18.jar:6.1.18]
	at org.springframework.boot.web.servlet.context.ServletWebServerApplicationContext.doClose(ServletWebServerApplicationContext.java:179) ~[spring-boot-3.3.10.jar:3.3.10]
	at org.springframework.context.support.AbstractApplicationContext.close(AbstractApplicationContext.java:1102) ~[spring-context-6.1.18.jar:6.1.18]
	at org.springframework.boot.SpringApplicationShutdownHook.closeAndWait(SpringApplicationShutdownHook.java:147) ~[spring-boot-3.3.10.jar:3.3.10]
	at java.base/java.lang.Iterable.forEach(Iterable.java:75) ~[na:na]
	at org.springframework.boot.SpringApplicationShutdownHook.run(SpringApplicationShutdownHook.java:116) ~[spring-boot-3.3.10.jar:3.3.10]
	at java.base/java.lang.Thread.run(Thread.java:1583) ~[na:na]

2026-07-02T18:19:53.707+08:00  INFO 28364 --- [service-oms] [SpringApplicationShutdownHook] c.a.c.n.registry.NacosServiceRegistry    : De-registration finished.
2026-07-02T18:19:53.738+08:00  INFO 28364 --- [service-oms] [SpringApplicationShutdownHook] com.zaxxer.hikari.HikariDataSource       : HikariPool-1 - Shutdown initiated...
2026-07-02T18:19:53.745+08:00  INFO 28364 --- [service-oms] [SpringApplicationShutdownHook] com.zaxxer.hikari.HikariDataSource       : HikariPool-1 - Shutdown completed.
